// Jest Snapshot v1, https://goo.gl/fbAQLP

exports[`Test Footer render Test Footer 1`] = `
<div
  className="footer"
>
  <p>
    The weather forecast and all info about spots is provided for personal non-commercial use.
  </p>
  <p>
    Mountains Forecast does not promise any specific results from the use of its service.
  </p>
  <p>
    Â© 2023 Mountains Forecast
  </p>
  <div
    className="contacts"
  >
    <p>
      <a
        href="#/"
      >
        Send a message
      </a>
      <a
        href="/about"
        onClick={[Function]}
      >
        About
      </a>
    </p>
  </div>
</div>
`;
